0 verbose cli C:\Program Files\nodejs\node.exe C:\Program Files\nodejs\node_modules\npm\bin\npm-cli.js
1 info using npm@11.16.0
2 info using node@v24.18.0
3 silly config load:file:C:\Program Files\nodejs\node_modules\npm\npmrc
4 silly config load:file:C:\Users\29068\Desktop\ClawTune\packages\clawtune-plugin\.npmrc
5 silly config load:file:C:\Users\29068\.npmrc
6 silly config load:file:C:\Users\29068\AppData\Roaming\npm\etc\npmrc
7 verbose title npm pack
8 verbose argv "pack" "--dry-run"
9 verbose logfile logs-max:10 dir:C:\Users\29068\Desktop\ClawTune\.npm-review-cache\_logs\2026-08-13T17_06_53_865Z-
10 verbose logfile C:\Users\29068\Desktop\ClawTune\.npm-review-cache\_logs\2026-08-13T17_06_53_865Z-debug-0.log
11 silly logfile done cleaning log files
12 silly packumentCache heap:4496293888 maxSize:1124073472 maxEntrySize:562036736
13 http fetch GET https://registry.npmjs.org/npm attempt 1 failed with EACCES
14 notice
15 notice package: @w20chen/clawtune@0.1.0
16 notice Tarball Contents
17 notice 1.3kB README.md
17 notice 798B dist/client.d.ts
17 notice 4.0kB dist/client.js
17 notice 202B dist/config.d.ts
17 notice 7.3kB dist/config.js
17 notice 9.8kB dist/contracts.d.ts
17 notice 340B dist/contracts.js
17 notice 610B dist/correlation.d.ts
17 notice 1.5kB dist/correlation.js
17 notice 1.6kB dist/exec-instrumentation.d.ts
17 notice 12.8kB dist/exec-instrumentation.js
17 notice 58B dist/index.d.ts
17 notice 84.9kB dist/index.js
17 notice 218B dist/logging.d.ts
17 notice 227B dist/logging.js
17 notice 409B dist/redaction.d.ts
17 notice 3.3kB dist/redaction.js
17 notice 2.4kB dist/repo.d.ts
17 notice 4.1kB dist/repo.js
17 notice 324B dist/sandbox-paths.d.ts
17 notice 5.5kB dist/sandbox-paths.js
17 notice 73B dist/sidecar-auth.d.ts
17 notice 244B dist/sidecar-auth.js
17 notice 1.7kB dist/sidecar-launcher.d.ts
17 notice 20.3kB dist/sidecar-launcher.js
17 notice 218B dist/tool-result.d.ts
17 notice 959B dist/tool-result.js
17 notice 1.4kB dist/trace/clock.d.ts
17 notice 1.8kB dist/trace/clock.js
17 notice 2.5kB dist/trace/registry.d.ts
17 notice 5.5kB dist/trace/registry.js
17 notice 1.6kB dist/trace/resource-coverage.d.ts
17 notice 3.7kB dist/trace/resource-coverage.js
17 notice 1.5kB dist/trace/run-writer-manager.d.ts
17 notice 5.7kB dist/trace/run-writer-manager.js
17 notice 1.0kB dist/trace/sanitizer.d.ts
17 notice 5.8kB dist/trace/sanitizer.js
17 notice 8.2kB dist/trace/schema.d.ts
17 notice 608B dist/trace/schema.js
17 notice 740B dist/trace/validator.d.ts
17 notice 7.3kB dist/trace/validator.js
17 notice 956B dist/trace/writer.d.ts
17 notice 2.8kB dist/trace/writer.js
17 notice 3.5kB openclaw.plugin.json
17 notice 873B package.json
18 notice Tarball Details
19 notice name: @w20chen/clawtune
20 notice version: 0.1.0
21 notice filename: w20chen-clawtune-0.1.0.tgz
22 notice package size: 53.2 kB
23 notice unpacked size: 220.7 kB
24 notice shasum: 2dcf2c5028cb3ddcd109825092a536579082a7b3
25 notice integrity: sha512-R3vkt27m7IkSU[...]qK9VG16fIHfHQ==
26 notice total files: 45
27 notice
28 verbose cwd C:\Users\29068\Desktop\ClawTune\packages\clawtune-plugin
29 verbose os Windows_NT 10.0.26200
30 verbose node v24.18.0
31 verbose npm  v11.16.0
32 verbose exit 0
33 info ok
